Archive member included to satisfy reference by file (symbol)

z:/stm32/stlink_in_jlink/armembeddedgcc/bin/../lib/gcc/arm-none-eabi/8.2.1/../../../../arm-none-eabi/lib/thumb/v7e-m+fp/hard\libc_nano.a(lib_a-exit.o)
                              z:/stm32/stlink_in_jlink/armembeddedgcc/bin/../lib/gcc/arm-none-eabi/8.2.1/../../../../arm-none-eabi/lib/thumb/v7e-m+fp/hard/crt0.o (exit)
z:/stm32/stlink_in_jlink/armembeddedgcc/bin/../lib/gcc/arm-none-eabi/8.2.1/../../../../arm-none-eabi/lib/thumb/v7e-m+fp/hard\libc_nano.a(lib_a-impure.o)
                              z:/stm32/stlink_in_jlink/armembeddedgcc/bin/../lib/gcc/arm-none-eabi/8.2.1/../../../../arm-none-eabi/lib/thumb/v7e-m+fp/hard\libc_nano.a(lib_a-exit.o) (_global_impure_ptr)
z:/stm32/stlink_in_jlink/armembeddedgcc/bin/../lib/gcc/arm-none-eabi/8.2.1/../../../../arm-none-eabi/lib/thumb/v7e-m+fp/hard\libc_nano.a(lib_a-init.o)
                              z:/stm32/stlink_in_jlink/armembeddedgcc/bin/../lib/gcc/arm-none-eabi/8.2.1/../../../../arm-none-eabi/lib/thumb/v7e-m+fp/hard/crt0.o (__libc_init_array)
z:/stm32/stlink_in_jlink/armembeddedgcc/bin/../lib/gcc/arm-none-eabi/8.2.1/../../../../arm-none-eabi/lib/thumb/v7e-m+fp/hard\libc_nano.a(lib_a-memset.o)
                              z:/stm32/stlink_in_jlink/armembeddedgcc/bin/../lib/gcc/arm-none-eabi/8.2.1/../../../../arm-none-eabi/lib/thumb/v7e-m+fp/hard/crt0.o (memset)
z:/stm32/stlink_in_jlink/armembeddedgcc/bin/../lib/gcc/arm-none-eabi/8.2.1/../../../../arm-none-eabi/lib/thumb/v7e-m+fp/hard\libnosys.a(_exit.o)
                              z:/stm32/stlink_in_jlink/armembeddedgcc/bin/../lib/gcc/arm-none-eabi/8.2.1/../../../../arm-none-eabi/lib/thumb/v7e-m+fp/hard\libc_nano.a(lib_a-exit.o) (_exit)

Discarded input sections

 .text          0x0000000000000000        0x0 z:/stm32/stlink_in_jlink/armembeddedgcc/bin/../lib/gcc/arm-none-eabi/8.2.1/thumb/v7e-m+fp/hard/crti.o
 .data          0x0000000000000000        0x0 z:/stm32/stlink_in_jlink/armembeddedgcc/bin/../lib/gcc/arm-none-eabi/8.2.1/thumb/v7e-m+fp/hard/crti.o
 .bss           0x0000000000000000        0x0 z:/stm32/stlink_in_jlink/armembeddedgcc/bin/../lib/gcc/arm-none-eabi/8.2.1/thumb/v7e-m+fp/hard/crti.o
 .text          0x0000000000000000        0x0 z:/stm32/stlink_in_jlink/armembeddedgcc/bin/../lib/gcc/arm-none-eabi/8.2.1/thumb/v7e-m+fp/hard/crtbegin.o
 .data          0x0000000000000000        0x0 z:/stm32/stlink_in_jlink/armembeddedgcc/bin/../lib/gcc/arm-none-eabi/8.2.1/thumb/v7e-m+fp/hard/crtbegin.o
 .bss           0x0000000000000000        0x0 z:/stm32/stlink_in_jlink/armembeddedgcc/bin/../lib/gcc/arm-none-eabi/8.2.1/thumb/v7e-m+fp/hard/crtbegin.o
 .data.__dso_handle
                0x0000000000000000        0x4 z:/stm32/stlink_in_jlink/armembeddedgcc/bin/../lib/gcc/arm-none-eabi/8.2.1/thumb/v7e-m+fp/hard/crtbegin.o
 .text          0x0000000000000000       0x74 z:/stm32/stlink_in_jlink/armembeddedgcc/bin/../lib/gcc/arm-none-eabi/8.2.1/../../../../arm-none-eabi/lib/thumb/v7e-m+fp/hard/crt0.o
 .data          0x0000000000000000        0x0 z:/stm32/stlink_in_jlink/armembeddedgcc/bin/../lib/gcc/arm-none-eabi/8.2.1/../../../../arm-none-eabi/lib/thumb/v7e-m+fp/hard/crt0.o
 .bss           0x0000000000000000        0x0 z:/stm32/stlink_in_jlink/armembeddedgcc/bin/../lib/gcc/arm-none-eabi/8.2.1/../../../../arm-none-eabi/lib/thumb/v7e-m+fp/hard/crt0.o
 .ARM.extab     0x0000000000000000        0x0 z:/stm32/stlink_in_jlink/armembeddedgcc/bin/../lib/gcc/arm-none-eabi/8.2.1/../../../../arm-none-eabi/lib/thumb/v7e-m+fp/hard/crt0.o
 .ARM.exidx     0x0000000000000000        0x8 z:/stm32/stlink_in_jlink/armembeddedgcc/bin/../lib/gcc/arm-none-eabi/8.2.1/../../../../arm-none-eabi/lib/thumb/v7e-m+fp/hard/crt0.o
 .ARM.attributes
                0x0000000000000000       0x1c z:/stm32/stlink_in_jlink/armembeddedgcc/bin/../lib/gcc/arm-none-eabi/8.2.1/../../../../arm-none-eabi/lib/thumb/v7e-m+fp/hard/crt0.o
 .text          0x0000000000000000        0x0 build/main.o
 .data          0x0000000000000000        0x0 build/main.o
 .bss           0x0000000000000000        0x0 build/main.o
 .text          0x0000000000000000        0x0 build/RCC_Init.o
 .data          0x0000000000000000        0x0 build/RCC_Init.o
 .bss           0x0000000000000000        0x0 build/RCC_Init.o
 .text          0x0000000000000000        0x0 build/GPIO_Init.o
 .data          0x0000000000000000        0x0 build/GPIO_Init.o
 .bss           0x0000000000000000        0x0 build/GPIO_Init.o
 .text          0x0000000000000000        0x0 build/Timer_Init.o
 .data          0x0000000000000000        0x0 build/Timer_Init.o
 .bss           0x0000000000000000        0x0 build/Timer_Init.o
 .text.bus_retcode
                0x0000000000000000       0x34 build/Timer_Init.o
 .text          0x0000000000000000        0x0 build/Error_Handler.o
 .data          0x0000000000000000        0x0 build/Error_Handler.o
 .bss           0x0000000000000000        0x0 build/Error_Handler.o
 .text.Error_Handler
                0x0000000000000000        0x2 build/Error_Handler.o
 .debug_info    0x0000000000000000      0x13b build/Error_Handler.o
 .debug_abbrev  0x0000000000000000       0x9b build/Error_Handler.o
 .debug_aranges
                0x0000000000000000       0x20 build/Error_Handler.o
 .debug_ranges  0x0000000000000000       0x10 build/Error_Handler.o
 .debug_line    0x0000000000000000      0x120 build/Error_Handler.o
 .debug_str     0x0000000000000000      0x1f6 build/Error_Handler.o
 .comment       0x0000000000000000       0x69 build/Error_Handler.o
 .debug_frame   0x0000000000000000       0x20 build/Error_Handler.o
 .ARM.attributes
                0x0000000000000000       0x34 build/Error_Handler.o
 .text          0x0000000000000000        0x0 build/DMA_Init.o
 .data          0x0000000000000000        0x0 build/DMA_Init.o
 .bss           0x0000000000000000        0x0 build/DMA_Init.o
 .text.vClear_DMA
                0x0000000000000000       0x10 build/DMA_Init.o
 .text.ws2812b_send
                0x0000000000000000       0x58 build/DMA_Init.o
 .bss.flag_rdy  0x0000000000000000        0x4 build/DMA_Init.o
 .text          0x0000000000000000        0x0 build/system_stm32f3xx.o
 .data          0x0000000000000000        0x0 build/system_stm32f3xx.o
 .bss           0x0000000000000000        0x0 build/system_stm32f3xx.o
 .text.SystemCoreClockUpdate
                0x0000000000000000       0x8c build/system_stm32f3xx.o
 .data.SystemCoreClock
                0x0000000000000000        0x4 build/system_stm32f3xx.o
 .rodata.AHBPrescTable
                0x0000000000000000       0x10 build/system_stm32f3xx.o
 .rodata.APBPrescTable
                0x0000000000000000        0x8 build/system_stm32f3xx.o
 .text          0x0000000000000000       0x14 build/startup_stm32f334x8.o
 .data          0x0000000000000000        0x0 build/startup_stm32f334x8.o
 .bss           0x0000000000000000        0x0 build/startup_stm32f334x8.o
 .text          0x0000000000000000        0x0 z:/stm32/stlink_in_jlink/armembeddedgcc/bin/../lib/gcc/arm-none-eabi/8.2.1/../../../../arm-none-eabi/lib/thumb/v7e-m+fp/hard\libc_nano.a(lib_a-exit.o)
 .data          0x0000000000000000        0x0 z:/stm32/stlink_in_jlink/armembeddedgcc/bin/../lib/gcc/arm-none-eabi/8.2.1/../../../../arm-none-eabi/lib/thumb/v7e-m+fp/hard\libc_nano.a(lib_a-exit.o)
 .bss           0x0000000000000000        0x0 z:/stm32/stlink_in_jlink/armembeddedgcc/bin/../lib/gcc/arm-none-eabi/8.2.1/../../../../arm-none-eabi/lib/thumb/v7e-m+fp/hard\libc_nano.a(lib_a-exit.o)
 .text.exit     0x0000000000000000       0x28 z:/stm32/stlink_in_jlink/armembeddedgcc/bin/../lib/gcc/arm-none-eabi/8.2.1/../../../../arm-none-eabi/lib/thumb/v7e-m+fp/hard\libc_nano.a(lib_a-exit.o)
 .debug_frame   0x0000000000000000       0x28 z:/stm32/stlink_in_jlink/armembeddedgcc/bin/../lib/gcc/arm-none-eabi/8.2.1/../../../../arm-none-eabi/lib/thumb/v7e-m+fp/hard\libc_nano.a(lib_a-exit.o)
 .ARM.attributes
                0x0000000000000000       0x34 z:/stm32/stlink_in_jlink/armembeddedgcc/bin/../lib/gcc/arm-none-eabi/8.2.1/../../../../arm-none-eabi/lib/thumb/v7e-m+fp/hard\libc_nano.a(lib_a-exit.o)
 .text          0x0000000000000000        0x0 z:/stm32/stlink_in_jlink/armembeddedgcc/bin/../lib/gcc/arm-none-eabi/8.2.1/../../../../arm-none-eabi/lib/thumb/v7e-m+fp/hard\libc_nano.a(lib_a-impure.o)
 .data          0x0000000000000000        0x0 z:/stm32/stlink_in_jlink/armembeddedgcc/bin/../lib/gcc/arm-none-eabi/8.2.1/../../../../arm-none-eabi/lib/thumb/v7e-m+fp/hard\libc_nano.a(lib_a-impure.o)
 .bss           0x0000000000000000        0x0 z:/stm32/stlink_in_jlink/armembeddedgcc/bin/../lib/gcc/arm-none-eabi/8.2.1/../../../../arm-none-eabi/lib/thumb/v7e-m+fp/hard\libc_nano.a(lib_a-impure.o)
 .data._impure_ptr
                0x0000000000000000        0x4 z:/stm32/stlink_in_jlink/armembeddedgcc/bin/../lib/gcc/arm-none-eabi/8.2.1/../../../../arm-none-eabi/lib/thumb/v7e-m+fp/hard\libc_nano.a(lib_a-impure.o)
 .data.impure_data
                0x0000000000000000       0x60 z:/stm32/stlink_in_jlink/armembeddedgcc/bin/../lib/gcc/arm-none-eabi/8.2.1/../../../../arm-none-eabi/lib/thumb/v7e-m+fp/hard\libc_nano.a(lib_a-impure.o)
 .rodata._global_impure_ptr
                0x0000000000000000        0x4 z:/stm32/stlink_in_jlink/armembeddedgcc/bin/../lib/gcc/arm-none-eabi/8.2.1/../../../../arm-none-eabi/lib/thumb/v7e-m+fp/hard\libc_nano.a(lib_a-impure.o)
 .ARM.attributes
                0x0000000000000000       0x32 z:/stm32/stlink_in_jlink/armembeddedgcc/bin/../lib/gcc/arm-none-eabi/8.2.1/../../../../arm-none-eabi/lib/thumb/v7e-m+fp/hard\libc_nano.a(lib_a-impure.o)
 .text          0x0000000000000000        0x0 z:/stm32/stlink_in_jlink/armembeddedgcc/bin/../lib/gcc/arm-none-eabi/8.2.1/../../../../arm-none-eabi/lib/thumb/v7e-m+fp/hard\libc_nano.a(lib_a-init.o)
 .data          0x0000000000000000        0x0 z:/stm32/stlink_in_jlink/armembeddedgcc/bin/../lib/gcc/arm-none-eabi/8.2.1/../../../../arm-none-eabi/lib/thumb/v7e-m+fp/hard\libc_nano.a(lib_a-init.o)
 .bss           0x0000000000000000        0x0 z:/stm32/stlink_in_jlink/armembeddedgcc/bin/../lib/gcc/arm-none-eabi/8.2.1/../../../../arm-none-eabi/lib/thumb/v7e-m+fp/hard\libc_nano.a(lib_a-init.o)
 .text          0x0000000000000000        0x0 z:/stm32/stlink_in_jlink/armembeddedgcc/bin/../lib/gcc/arm-none-eabi/8.2.1/../../../../arm-none-eabi/lib/thumb/v7e-m+fp/hard\libc_nano.a(lib_a-memset.o)
 .data          0x0000000000000000        0x0 z:/stm32/stlink_in_jlink/armembeddedgcc/bin/../lib/gcc/arm-none-eabi/8.2.1/../../../../arm-none-eabi/lib/thumb/v7e-m+fp/hard\libc_nano.a(lib_a-memset.o)
 .bss           0x0000000000000000        0x0 z:/stm32/stlink_in_jlink/armembeddedgcc/bin/../lib/gcc/arm-none-eabi/8.2.1/../../../../arm-none-eabi/lib/thumb/v7e-m+fp/hard\libc_nano.a(lib_a-memset.o)
 .text.memset   0x0000000000000000       0x10 z:/stm32/stlink_in_jlink/armembeddedgcc/bin/../lib/gcc/arm-none-eabi/8.2.1/../../../../arm-none-eabi/lib/thumb/v7e-m+fp/hard\libc_nano.a(lib_a-memset.o)
 .debug_frame   0x0000000000000000       0x20 z:/stm32/stlink_in_jlink/armembeddedgcc/bin/../lib/gcc/arm-none-eabi/8.2.1/../../../../arm-none-eabi/lib/thumb/v7e-m+fp/hard\libc_nano.a(lib_a-memset.o)
 .ARM.attributes
                0x0000000000000000       0x34 z:/stm32/stlink_in_jlink/armembeddedgcc/bin/../lib/gcc/arm-none-eabi/8.2.1/../../../../arm-none-eabi/lib/thumb/v7e-m+fp/hard\libc_nano.a(lib_a-memset.o)
 .text          0x0000000000000000        0x0 z:/stm32/stlink_in_jlink/armembeddedgcc/bin/../lib/gcc/arm-none-eabi/8.2.1/../../../../arm-none-eabi/lib/thumb/v7e-m+fp/hard\libnosys.a(_exit.o)
 .data          0x0000000000000000        0x0 z:/stm32/stlink_in_jlink/armembeddedgcc/bin/../lib/gcc/arm-none-eabi/8.2.1/../../../../arm-none-eabi/lib/thumb/v7e-m+fp/hard\libnosys.a(_exit.o)
 .bss           0x0000000000000000        0x0 z:/stm32/stlink_in_jlink/armembeddedgcc/bin/../lib/gcc/arm-none-eabi/8.2.1/../../../../arm-none-eabi/lib/thumb/v7e-m+fp/hard\libnosys.a(_exit.o)
 .text._exit    0x0000000000000000        0x4 z:/stm32/stlink_in_jlink/armembeddedgcc/bin/../lib/gcc/arm-none-eabi/8.2.1/../../../../arm-none-eabi/lib/thumb/v7e-m+fp/hard\libnosys.a(_exit.o)
 .debug_frame   0x0000000000000000       0x20 z:/stm32/stlink_in_jlink/armembeddedgcc/bin/../lib/gcc/arm-none-eabi/8.2.1/../../../../arm-none-eabi/lib/thumb/v7e-m+fp/hard\libnosys.a(_exit.o)
 .ARM.attributes
                0x0000000000000000       0x34 z:/stm32/stlink_in_jlink/armembeddedgcc/bin/../lib/gcc/arm-none-eabi/8.2.1/../../../../arm-none-eabi/lib/thumb/v7e-m+fp/hard\libnosys.a(_exit.o)
 .text          0x0000000000000000        0x0 z:/stm32/stlink_in_jlink/armembeddedgcc/bin/../lib/gcc/arm-none-eabi/8.2.1/thumb/v7e-m+fp/hard/crtend.o
 .data          0x0000000000000000        0x0 z:/stm32/stlink_in_jlink/armembeddedgcc/bin/../lib/gcc/arm-none-eabi/8.2.1/thumb/v7e-m+fp/hard/crtend.o
 .bss           0x0000000000000000        0x0 z:/stm32/stlink_in_jlink/armembeddedgcc/bin/../lib/gcc/arm-none-eabi/8.2.1/thumb/v7e-m+fp/hard/crtend.o
 .eh_frame      0x0000000000000000        0x4 z:/stm32/stlink_in_jlink/armembeddedgcc/bin/../lib/gcc/arm-none-eabi/8.2.1/thumb/v7e-m+fp/hard/crtend.o
 .text          0x0000000000000000        0x0 z:/stm32/stlink_in_jlink/armembeddedgcc/bin/../lib/gcc/arm-none-eabi/8.2.1/thumb/v7e-m+fp/hard/crtn.o
 .data          0x0000000000000000        0x0 z:/stm32/stlink_in_jlink/armembeddedgcc/bin/../lib/gcc/arm-none-eabi/8.2.1/thumb/v7e-m+fp/hard/crtn.o
 .bss           0x0000000000000000        0x0 z:/stm32/stlink_in_jlink/armembeddedgcc/bin/../lib/gcc/arm-none-eabi/8.2.1/thumb/v7e-m+fp/hard/crtn.o

Memory Configuration

Name             Origin             Length             Attributes
RAM              0x0000000020000000 0x0000000000003000 xrw
CCMRAM           0x0000000010000000 0x0000000000001000 xrw
FLASH            0x0000000008000000 0x0000000000010000 xr
*default*        0x0000000000000000 0xffffffffffffffff

Linker script and memory map

LOAD z:/stm32/stlink_in_jlink/armembeddedgcc/bin/../lib/gcc/arm-none-eabi/8.2.1/thumb/v7e-m+fp/hard/crti.o
LOAD z:/stm32/stlink_in_jlink/armembeddedgcc/bin/../lib/gcc/arm-none-eabi/8.2.1/thumb/v7e-m+fp/hard/crtbegin.o
LOAD z:/stm32/stlink_in_jlink/armembeddedgcc/bin/../lib/gcc/arm-none-eabi/8.2.1/../../../../arm-none-eabi/lib/thumb/v7e-m+fp/hard/crt0.o
LOAD build/main.o
LOAD build/RCC_Init.o
LOAD build/GPIO_Init.o
LOAD build/Timer_Init.o
LOAD build/Error_Handler.o
LOAD build/DMA_Init.o
LOAD build/system_stm32f3xx.o
LOAD build/startup_stm32f334x8.o
LOAD z:/stm32/stlink_in_jlink/armembeddedgcc/bin/../lib/gcc/arm-none-eabi/8.2.1/../../../../arm-none-eabi/lib/thumb/v7e-m+fp/hard\libc_nano.a
LOAD z:/stm32/stlink_in_jlink/armembeddedgcc/bin/../lib/gcc/arm-none-eabi/8.2.1/../../../../arm-none-eabi/lib/thumb/v7e-m+fp/hard\libm.a
LOAD z:/stm32/stlink_in_jlink/armembeddedgcc/bin/../lib/gcc/arm-none-eabi/8.2.1/../../../../arm-none-eabi/lib/thumb/v7e-m+fp/hard\libnosys.a
START GROUP
LOAD z:/stm32/stlink_in_jlink/armembeddedgcc/bin/../lib/gcc/arm-none-eabi/8.2.1/thumb/v7e-m+fp/hard\libgcc.a
LOAD z:/stm32/stlink_in_jlink/armembeddedgcc/bin/../lib/gcc/arm-none-eabi/8.2.1/../../../../arm-none-eabi/lib/thumb/v7e-m+fp/hard\libc_nano.a
END GROUP
START GROUP
LOAD z:/stm32/stlink_in_jlink/armembeddedgcc/bin/../lib/gcc/arm-none-eabi/8.2.1/thumb/v7e-m+fp/hard\libgcc.a
LOAD z:/stm32/stlink_in_jlink/armembeddedgcc/bin/../lib/gcc/arm-none-eabi/8.2.1/../../../../arm-none-eabi/lib/thumb/v7e-m+fp/hard\libc_nano.a
END GROUP
LOAD z:/stm32/stlink_in_jlink/armembeddedgcc/bin/../lib/gcc/arm-none-eabi/8.2.1/thumb/v7e-m+fp/hard/crtend.o
LOAD z:/stm32/stlink_in_jlink/armembeddedgcc/bin/../lib/gcc/arm-none-eabi/8.2.1/thumb/v7e-m+fp/hard/crtn.o
                0x0000000020003000                _estack = 0x20003000
                0x0000000000000200                _Min_Heap_Size = 0x200
                0x0000000000000400                _Min_Stack_Size = 0x400

.isr_vector     0x0000000008000000      0x188
                0x0000000008000000                . = ALIGN (0x4)
 *(.isr_vector)
 .isr_vector    0x0000000008000000      0x188 build/startup_stm32f334x8.o
                0x0000000008000000                g_pfnVectors
                0x0000000008000188                . = ALIGN (0x4)

.text           0x0000000008000188      0x3bc
                0x0000000008000188                . = ALIGN (0x4)
 *(.text)
 *(.text*)
 .text.deregister_tm_clones
                0x0000000008000188       0x1c z:/stm32/stlink_in_jlink/armembeddedgcc/bin/../lib/gcc/arm-none-eabi/8.2.1/thumb/v7e-m+fp/hard/crtbegin.o
 .text.register_tm_clones
                0x00000000080001a4       0x24 z:/stm32/stlink_in_jlink/armembeddedgcc/bin/../lib/gcc/arm-none-eabi/8.2.1/thumb/v7e-m+fp/hard/crtbegin.o
 .text.__do_global_dtors_aux
                0x00000000080001c8       0x28 z:/stm32/stlink_in_jlink/armembeddedgcc/bin/../lib/gcc/arm-none-eabi/8.2.1/thumb/v7e-m+fp/hard/crtbegin.o
 .text.frame_dummy
                0x00000000080001f0       0x24 z:/stm32/stlink_in_jlink/armembeddedgcc/bin/../lib/gcc/arm-none-eabi/8.2.1/thumb/v7e-m+fp/hard/crtbegin.o
 .text.main     0x0000000008000214       0x1c build/main.o
                0x0000000008000214                main
 .text.vRCC_Init
                0x0000000008000230       0x9c build/RCC_Init.o
                0x0000000008000230                vRCC_Init
 .text.vGPIO_Init
                0x00000000080002cc       0x18 build/GPIO_Init.o
                0x00000000080002cc                vGPIO_Init
 .text.vGPIOA   0x00000000080002e4       0x2e build/GPIO_Init.o
                0x00000000080002e4                vGPIOA
 *fill*         0x0000000008000312        0x2 
 .text.vGPIOB   0x0000000008000314       0x44 build/GPIO_Init.o
                0x0000000008000314                vGPIOB
 .text.vTIM3_Init
                0x0000000008000358       0x48 build/Timer_Init.o
                0x0000000008000358                vTIM3_Init
 .text.vDMA1_Channel2_Mem_To_TIM3_Init
                0x00000000080003a0       0x5c build/DMA_Init.o
                0x00000000080003a0                vDMA1_Channel2_Mem_To_TIM3_Init
 .text.DMA1_Channel2_IRQHandler
                0x00000000080003fc       0x18 build/DMA_Init.o
                0x00000000080003fc                DMA1_Channel2_IRQHandler
 .text.TIM3_IRQHandler
                0x0000000008000414       0x60 build/DMA_Init.o
                0x0000000008000414                TIM3_IRQHandler
 .text.SystemInit
                0x0000000008000474       0x1c build/system_stm32f3xx.o
                0x0000000008000474                SystemInit
 .text.Reset_Handler
                0x0000000008000490       0x50 build/startup_stm32f334x8.o
                0x0000000008000490                Reset_Handler
 .text.Default_Handler
                0x00000000080004e0        0x2 build/startup_stm32f334x8.o
                0x00000000080004e0                RTC_Alarm_IRQHandler
                0x00000000080004e0                HRTIM1_Master_IRQHandler
                0x00000000080004e0                DebugMon_Handler
                0x00000000080004e0                TIM1_CC_IRQHandler
                0x00000000080004e0                HardFault_Handler
                0x00000000080004e0                HRTIM1_FLT_IRQHandler
                0x00000000080004e0                SysTick_Handler
                0x00000000080004e0                PVD_IRQHandler
                0x00000000080004e0                HRTIM1_TIMD_IRQHandler
                0x00000000080004e0                TAMP_STAMP_IRQHandler
                0x00000000080004e0                PendSV_Handler
                0x00000000080004e0                NMI_Handler
                0x00000000080004e0                EXTI3_IRQHandler
                0x00000000080004e0                EXTI0_IRQHandler
                0x00000000080004e0                FPU_IRQHandler
                0x00000000080004e0                CAN_TX_IRQHandler
                0x00000000080004e0                TIM1_UP_TIM16_IRQHandler
                0x00000000080004e0                UsageFault_Handler
                0x00000000080004e0                ADC1_2_IRQHandler
                0x00000000080004e0                HRTIM1_TIME_IRQHandler
                0x00000000080004e0                SPI1_IRQHandler
                0x00000000080004e0                CAN_SCE_IRQHandler
                0x00000000080004e0                HRTIM1_TIMC_IRQHandler
                0x00000000080004e0                DMA1_Channel4_IRQHandler
                0x00000000080004e0                USART3_IRQHandler
                0x00000000080004e0                DMA1_Channel7_IRQHandler
                0x00000000080004e0                TIM7_DAC2_IRQHandler
                0x00000000080004e0                CAN_RX1_IRQHandler
                0x00000000080004e0                I2C1_EV_IRQHandler
                0x00000000080004e0                DMA1_Channel6_IRQHandler
                0x00000000080004e0                RCC_IRQHandler
                0x00000000080004e0                DMA1_Channel1_IRQHandler
                0x00000000080004e0                Default_Handler
                0x00000000080004e0                EXTI15_10_IRQHandler
                0x00000000080004e0                COMP2_IRQHandler
                0x00000000080004e0                HRTIM1_TIMA_IRQHandler
                0x00000000080004e0                TIM6_DAC1_IRQHandler
                0x00000000080004e0                EXTI9_5_IRQHandler
                0x00000000080004e0                RTC_WKUP_IRQHandler
                0x00000000080004e0                MemManage_Handler
                0x00000000080004e0                SVC_Handler
                0x00000000080004e0                DMA1_Channel5_IRQHandler
                0x00000000080004e0                EXTI4_IRQHandler
                0x00000000080004e0                HRTIM1_TIMB_IRQHandler
                0x00000000080004e0                TIM1_TRG_COM_TIM17_IRQHandler
                0x00000000080004e0                DMA1_Channel3_IRQHandler
                0x00000000080004e0                WWDG_IRQHandler
                0x00000000080004e0                TIM2_IRQHandler
                0x00000000080004e0                EXTI1_IRQHandler
                0x00000000080004e0                COMP4_6_IRQHandler
                0x00000000080004e0                USART2_IRQHandler
                0x00000000080004e0                FLASH_IRQHandler
                0x00000000080004e0                BusFault_Handler
                0x00000000080004e0                USART1_IRQHandler
                0x00000000080004e0                CAN_RX0_IRQHandler
                0x00000000080004e0                I2C1_ER_IRQHandler
                0x00000000080004e0                EXTI2_TSC_IRQHandler
                0x00000000080004e0                TIM1_BRK_TIM15_IRQHandler
 *fill*         0x00000000080004e2        0x2 
 .text.__libc_init_array
                0x00000000080004e4       0x48 z:/stm32/stlink_in_jlink/armembeddedgcc/bin/../lib/gcc/arm-none-eabi/8.2.1/../../../../arm-none-eabi/lib/thumb/v7e-m+fp/hard\libc_nano.a(lib_a-init.o)
                0x00000000080004e4                __libc_init_array
 *(.glue_7)
 .glue_7        0x000000000800052c        0x0 linker stubs
 *(.glue_7t)
 .glue_7t       0x000000000800052c        0x0 linker stubs
 *(.eh_frame)
 .eh_frame      0x000000000800052c        0x0 z:/stm32/stlink_in_jlink/armembeddedgcc/bin/../lib/gcc/arm-none-eabi/8.2.1/thumb/v7e-m+fp/hard/crtbegin.o
 *(.init)
 .init          0x000000000800052c        0x4 z:/stm32/stlink_in_jlink/armembeddedgcc/bin/../lib/gcc/arm-none-eabi/8.2.1/thumb/v7e-m+fp/hard/crti.o
                0x000000000800052c                _init
 .init          0x0000000008000530        0x8 z:/stm32/stlink_in_jlink/armembeddedgcc/bin/../lib/gcc/arm-none-eabi/8.2.1/thumb/v7e-m+fp/hard/crtn.o
 *(.fini)
 .fini          0x0000000008000538        0x4 z:/stm32/stlink_in_jlink/armembeddedgcc/bin/../lib/gcc/arm-none-eabi/8.2.1/thumb/v7e-m+fp/hard/crti.o
                0x0000000008000538                _fini
 .fini          0x000000000800053c        0x8 z:/stm32/stlink_in_jlink/armembeddedgcc/bin/../lib/gcc/arm-none-eabi/8.2.1/thumb/v7e-m+fp/hard/crtn.o
                0x0000000008000544                . = ALIGN (0x4)
                0x0000000008000544                _etext = .

.vfp11_veneer   0x0000000008000544        0x0
 .vfp11_veneer  0x0000000008000544        0x0 linker stubs

.v4_bx          0x0000000008000544        0x0
 .v4_bx         0x0000000008000544        0x0 linker stubs

.iplt           0x0000000008000544        0x0
 .iplt          0x0000000008000544        0x0 z:/stm32/stlink_in_jlink/armembeddedgcc/bin/../lib/gcc/arm-none-eabi/8.2.1/thumb/v7e-m+fp/hard/crtbegin.o

.rel.dyn        0x0000000008000544        0x0
 .rel.iplt      0x0000000008000544        0x0 z:/stm32/stlink_in_jlink/armembeddedgcc/bin/../lib/gcc/arm-none-eabi/8.2.1/thumb/v7e-m+fp/hard/crtbegin.o

.rodata         0x0000000008000544        0x0
                0x0000000008000544                . = ALIGN (0x4)
 *(.rodata)
 *(.rodata*)
                0x0000000008000544                . = ALIGN (0x4)

.ARM.extab
 *(.ARM.extab* .gnu.linkonce.armextab.*)

.ARM            0x0000000008000544        0x0
                0x0000000008000544                __exidx_start = .
 *(.ARM.exidx*)
                0x0000000008000544                __exidx_end = .

.preinit_array  0x0000000008000544        0x0
                0x0000000008000544                PROVIDE (__preinit_array_start = .)
 *(.preinit_array*)
                0x0000000008000544                PROVIDE (__preinit_array_end = .)

.init_array     0x0000000008000544        0x4
                0x0000000008000544                PROVIDE (__init_array_start = .)
 *(SORT_BY_NAME(.init_array.*))
 *(.init_array*)
 .init_array    0x0000000008000544        0x4 z:/stm32/stlink_in_jlink/armembeddedgcc/bin/../lib/gcc/arm-none-eabi/8.2.1/thumb/v7e-m+fp/hard/crtbegin.o
                0x0000000008000548                PROVIDE (__init_array_end = .)

.fini_array     0x0000000008000548        0x4
                [!provide]                        PROVIDE (__fini_array_start = .)
 *(SORT_BY_NAME(.fini_array.*))
 *(.fini_array*)
 .fini_array    0x0000000008000548        0x4 z:/stm32/stlink_in_jlink/armembeddedgcc/bin/../lib/gcc/arm-none-eabi/8.2.1/thumb/v7e-m+fp/hard/crtbegin.o
                [!provide]                        PROVIDE (__fini_array_end = .)
                0x000000000800054c                _sidata = LOADADDR (.data)

.data           0x0000000020000000        0x0 load address 0x000000000800054c
                0x0000000020000000                . = ALIGN (0x4)
                0x0000000020000000                _sdata = .
 *(.data)
 *(.data*)
                0x0000000020000000                . = ALIGN (0x4)
                0x0000000020000000                _edata = .
                0x000000000800054c                _siccmram = LOADADDR (.ccmram)

.tm_clone_table
                0x0000000020000000        0x0 load address 0x000000000800054c
 .tm_clone_table
                0x0000000020000000        0x0 z:/stm32/stlink_in_jlink/armembeddedgcc/bin/../lib/gcc/arm-none-eabi/8.2.1/thumb/v7e-m+fp/hard/crtbegin.o
 .tm_clone_table
                0x0000000020000000        0x0 z:/stm32/stlink_in_jlink/armembeddedgcc/bin/../lib/gcc/arm-none-eabi/8.2.1/thumb/v7e-m+fp/hard/crtend.o

.igot.plt       0x0000000020000000        0x0 load address 0x000000000800054c
 .igot.plt      0x0000000020000000        0x0 z:/stm32/stlink_in_jlink/armembeddedgcc/bin/../lib/gcc/arm-none-eabi/8.2.1/thumb/v7e-m+fp/hard/crtbegin.o

.ccmram         0x0000000010000000        0x0 load address 0x000000000800054c
                0x0000000010000000                . = ALIGN (0x4)
                0x0000000010000000                _sccmram = .
 *(.ccmram)
 *(.ccmram*)
                0x0000000010000000                . = ALIGN (0x4)
                0x0000000010000000                _eccmram = .
                0x0000000010000000                . = ALIGN (0x4)

.bss            0x0000000020000000      0x114
                0x0000000020000000                _sbss = .
                0x0000000020000000                __bss_start__ = _sbss
 *(.bss)
 *(.bss*)
 .bss.completed.8014
                0x0000000020000000        0x1 z:/stm32/stlink_in_jlink/armembeddedgcc/bin/../lib/gcc/arm-none-eabi/8.2.1/thumb/v7e-m+fp/hard/crtbegin.o
 *fill*         0x0000000020000001        0x3 
 .bss.object.8019
                0x0000000020000004       0x18 z:/stm32/stlink_in_jlink/armembeddedgcc/bin/../lib/gcc/arm-none-eabi/8.2.1/thumb/v7e-m+fp/hard/crtbegin.o
 .bss.flag_stop
                0x000000002000001c        0x4 build/DMA_Init.o
                0x000000002000001c                flag_stop
 .bss.led_array
                0x0000000020000020       0xf0 build/DMA_Init.o
 .bss.tdelay    0x0000000020000110        0x4 build/DMA_Init.o
                0x0000000020000110                tdelay
 *(COMMON)
                0x0000000020000114                . = ALIGN (0x4)
                0x0000000020000114                _ebss = .
                0x0000000020000114                __bss_end__ = _ebss

._user_heap_stack
                0x0000000020000114      0x604
                0x0000000020000118                . = ALIGN (0x8)
 *fill*         0x0000000020000114        0x4 
                [!provide]                        PROVIDE (end = .)
                [!provide]                        PROVIDE (_end = .)
                0x0000000020000318                . = (. + _Min_Heap_Size)
 *fill*         0x0000000020000118      0x200 
                0x0000000020000718                . = (. + _Min_Stack_Size)
 *fill*         0x0000000020000318      0x400 
                0x0000000020000718                . = ALIGN (0x8)

/DISCARD/
 libc.a(*)
 libm.a(*)
 libgcc.a(*)

.ARM.attributes
                0x0000000000000000       0x30
 *(.ARM.attributes)
 .ARM.attributes
                0x0000000000000000       0x1e z:/stm32/stlink_in_jlink/armembeddedgcc/bin/../lib/gcc/arm-none-eabi/8.2.1/thumb/v7e-m+fp/hard/crti.o
 .ARM.attributes
                0x000000000000001e       0x34 z:/stm32/stlink_in_jlink/armembeddedgcc/bin/../lib/gcc/arm-none-eabi/8.2.1/thumb/v7e-m+fp/hard/crtbegin.o
 .ARM.attributes
                0x0000000000000052       0x34 build/main.o
 .ARM.attributes
                0x0000000000000086       0x34 build/RCC_Init.o
 .ARM.attributes
                0x00000000000000ba       0x34 build/GPIO_Init.o
 .ARM.attributes
                0x00000000000000ee       0x34 build/Timer_Init.o
 .ARM.attributes
                0x0000000000000122       0x34 build/DMA_Init.o
 .ARM.attributes
                0x0000000000000156       0x34 build/system_stm32f3xx.o
 .ARM.attributes
                0x000000000000018a       0x21 build/startup_stm32f334x8.o
 .ARM.attributes
                0x00000000000001ab       0x34 z:/stm32/stlink_in_jlink/armembeddedgcc/bin/../lib/gcc/arm-none-eabi/8.2.1/../../../../arm-none-eabi/lib/thumb/v7e-m+fp/hard\libc_nano.a(lib_a-init.o)
 .ARM.attributes
                0x00000000000001df       0x32 z:/stm32/stlink_in_jlink/armembeddedgcc/bin/../lib/gcc/arm-none-eabi/8.2.1/thumb/v7e-m+fp/hard/crtend.o
 .ARM.attributes
                0x0000000000000211       0x1e z:/stm32/stlink_in_jlink/armembeddedgcc/bin/../lib/gcc/arm-none-eabi/8.2.1/thumb/v7e-m+fp/hard/crtn.o
OUTPUT(build/testvscode.elf elf32-littlearm)

.debug_info     0x0000000000000000     0x1ba1
 .debug_info    0x0000000000000000      0x1ce build/main.o
 .debug_info    0x00000000000001ce      0x2cb build/RCC_Init.o
 .debug_info    0x0000000000000499      0x31d build/GPIO_Init.o
 .debug_info    0x00000000000007b6      0x6e2 build/Timer_Init.o
 .debug_info    0x0000000000000e98      0x845 build/DMA_Init.o
 .debug_info    0x00000000000016dd      0x4a2 build/system_stm32f3xx.o
 .debug_info    0x0000000000001b7f       0x22 build/startup_stm32f334x8.o

.debug_abbrev   0x0000000000000000      0x6ef
 .debug_abbrev  0x0000000000000000       0xbc build/main.o
 .debug_abbrev  0x00000000000000bc       0xd9 build/RCC_Init.o
 .debug_abbrev  0x0000000000000195       0xd9 build/GPIO_Init.o
 .debug_abbrev  0x000000000000026e      0x172 build/Timer_Init.o
 .debug_abbrev  0x00000000000003e0      0x1cf build/DMA_Init.o
 .debug_abbrev  0x00000000000005af      0x12e build/system_stm32f3xx.o
 .debug_abbrev  0x00000000000006dd       0x12 build/startup_stm32f334x8.o

.debug_loc      0x0000000000000000      0x192
 .debug_loc     0x0000000000000000       0x20 build/main.o
 .debug_loc     0x0000000000000020       0x16 build/Timer_Init.o
 .debug_loc     0x0000000000000036       0x39 build/DMA_Init.o
 .debug_loc     0x000000000000006f      0x123 build/system_stm32f3xx.o

.debug_aranges  0x0000000000000000      0x128
 .debug_aranges
                0x0000000000000000       0x20 build/main.o
 .debug_aranges
                0x0000000000000020       0x20 build/RCC_Init.o
 .debug_aranges
                0x0000000000000040       0x30 build/GPIO_Init.o
 .debug_aranges
                0x0000000000000070       0x28 build/Timer_Init.o
 .debug_aranges
                0x0000000000000098       0x40 build/DMA_Init.o
 .debug_aranges
                0x00000000000000d8       0x28 build/system_stm32f3xx.o
 .debug_aranges
                0x0000000000000100       0x28 build/startup_stm32f334x8.o

.debug_ranges   0x0000000000000000       0xc0
 .debug_ranges  0x0000000000000000       0x10 build/main.o
 .debug_ranges  0x0000000000000010       0x10 build/RCC_Init.o
 .debug_ranges  0x0000000000000020       0x20 build/GPIO_Init.o
 .debug_ranges  0x0000000000000040       0x18 build/Timer_Init.o
 .debug_ranges  0x0000000000000058       0x30 build/DMA_Init.o
 .debug_ranges  0x0000000000000088       0x18 build/system_stm32f3xx.o
 .debug_ranges  0x00000000000000a0       0x20 build/startup_stm32f334x8.o

.debug_line     0x0000000000000000      0xc61
 .debug_line    0x0000000000000000      0x16c build/main.o
 .debug_line    0x000000000000016c      0x1fa build/RCC_Init.o
 .debug_line    0x0000000000000366      0x1ca build/GPIO_Init.o
 .debug_line    0x0000000000000530      0x1e6 build/Timer_Init.o
 .debug_line    0x0000000000000716      0x2d8 build/DMA_Init.o
 .debug_line    0x00000000000009ee      0x1f8 build/system_stm32f3xx.o
 .debug_line    0x0000000000000be6       0x7b build/startup_stm32f334x8.o

.debug_str      0x0000000000000000      0x89f
 .debug_str     0x0000000000000000      0x1e5 build/main.o
                                        0x232 (size before relaxing)
 .debug_str     0x00000000000001e5       0x8b build/RCC_Init.o
                                        0x269 (size before relaxing)
 .debug_str     0x0000000000000270       0x47 build/GPIO_Init.o
                                        0x282 (size before relaxing)
 .debug_str     0x00000000000002b7      0x451 build/Timer_Init.o
                                        0x683 (size before relaxing)
 .debug_str     0x0000000000000708       0xb9 build/DMA_Init.o
                                        0x738 (size before relaxing)
 .debug_str     0x00000000000007c1       0xb1 build/system_stm32f3xx.o
                                        0x2dd (size before relaxing)
 .debug_str     0x0000000000000872       0x2d build/startup_stm32f334x8.o
                                         0x44 (size before relaxing)

.comment        0x0000000000000000       0x68
 .comment       0x0000000000000000       0x68 build/main.o
                                         0x69 (size before relaxing)
 .comment       0x0000000000000068       0x69 build/RCC_Init.o
 .comment       0x0000000000000068       0x69 build/GPIO_Init.o
 .comment       0x0000000000000068       0x69 build/Timer_Init.o
 .comment       0x0000000000000068       0x69 build/DMA_Init.o
 .comment       0x0000000000000068       0x69 build/system_stm32f3xx.o

.debug_frame    0x0000000000000000      0x178
 .debug_frame   0x0000000000000000       0x2c build/main.o
 .debug_frame   0x000000000000002c       0x20 build/RCC_Init.o
 .debug_frame   0x000000000000004c       0x40 build/GPIO_Init.o
 .debug_frame   0x000000000000008c       0x30 build/Timer_Init.o
 .debug_frame   0x00000000000000bc       0x60 build/DMA_Init.o
 .debug_frame   0x000000000000011c       0x30 build/system_stm32f3xx.o
 .debug_frame   0x000000000000014c       0x2c z:/stm32/stlink_in_jlink/armembeddedgcc/bin/../lib/gcc/arm-none-eabi/8.2.1/../../../../arm-none-eabi/lib/thumb/v7e-m+fp/hard\libc_nano.a(lib_a-init.o)

Cross Reference Table

Symbol                                            File
ADC1_2_IRQHandler                                 build/startup_stm32f334x8.o
AHBPrescTable                                     build/system_stm32f3xx.o
APBPrescTable                                     build/system_stm32f3xx.o
BusFault_Handler                                  build/startup_stm32f334x8.o
CAN_RX0_IRQHandler                                build/startup_stm32f334x8.o
CAN_RX1_IRQHandler                                build/startup_stm32f334x8.o
CAN_SCE_IRQHandler                                build/startup_stm32f334x8.o
CAN_TX_IRQHandler                                 build/startup_stm32f334x8.o
COMP2_IRQHandler                                  build/startup_stm32f334x8.o
COMP4_6_IRQHandler                                build/startup_stm32f334x8.o
DMA1_Channel1_IRQHandler                          build/startup_stm32f334x8.o
DMA1_Channel2_IRQHandler                          build/DMA_Init.o
DMA1_Channel3_IRQHandler                          build/startup_stm32f334x8.o
DMA1_Channel4_IRQHandler                          build/startup_stm32f334x8.o
DMA1_Channel5_IRQHandler                          build/startup_stm32f334x8.o
DMA1_Channel6_IRQHandler                          build/startup_stm32f334x8.o
DMA1_Channel7_IRQHandler                          build/startup_stm32f334x8.o
DebugMon_Handler                                  build/startup_stm32f334x8.o
Default_Handler                                   build/startup_stm32f334x8.o
EXTI0_IRQHandler                                  build/startup_stm32f334x8.o
EXTI15_10_IRQHandler                              build/startup_stm32f334x8.o
EXTI1_IRQHandler                                  build/startup_stm32f334x8.o
EXTI2_TSC_IRQHandler                              build/startup_stm32f334x8.o
EXTI3_IRQHandler                                  build/startup_stm32f334x8.o
EXTI4_IRQHandler                                  build/startup_stm32f334x8.o
EXTI9_5_IRQHandler                                build/startup_stm32f334x8.o
Error_Handler                                     build/Error_Handler.o
FLASH_IRQHandler                                  build/startup_stm32f334x8.o
FPU_IRQHandler                                    build/startup_stm32f334x8.o
HRTIM1_FLT_IRQHandler                             build/startup_stm32f334x8.o
HRTIM1_Master_IRQHandler                          build/startup_stm32f334x8.o
HRTIM1_TIMA_IRQHandler                            build/startup_stm32f334x8.o
HRTIM1_TIMB_IRQHandler                            build/startup_stm32f334x8.o
HRTIM1_TIMC_IRQHandler                            build/startup_stm32f334x8.o
HRTIM1_TIMD_IRQHandler                            build/startup_stm32f334x8.o
HRTIM1_TIME_IRQHandler                            build/startup_stm32f334x8.o
HardFault_Handler                                 build/startup_stm32f334x8.o
I2C1_ER_IRQHandler                                build/startup_stm32f334x8.o
I2C1_EV_IRQHandler                                build/startup_stm32f334x8.o
MemManage_Handler                                 build/startup_stm32f334x8.o
NMI_Handler                                       build/startup_stm32f334x8.o
PVD_IRQHandler                                    build/startup_stm32f334x8.o
PendSV_Handler                                    build/startup_stm32f334x8.o
RCC_IRQHandler                                    build/startup_stm32f334x8.o
RTC_Alarm_IRQHandler                              build/startup_stm32f334x8.o
RTC_WKUP_IRQHandler                               build/startup_stm32f334x8.o
Reset_Handler                                     build/startup_stm32f334x8.o
SPI1_IRQHandler                                   build/startup_stm32f334x8.o
SVC_Handler                                       build/startup_stm32f334x8.o
SysTick_Handler                                   build/startup_stm32f334x8.o
SystemCoreClock                                   build/system_stm32f3xx.o
SystemCoreClockUpdate                             build/system_stm32f3xx.o
SystemInit                                        build/system_stm32f3xx.o
                                                  build/startup_stm32f334x8.o
TAMP_STAMP_IRQHandler                             build/startup_stm32f334x8.o
TIM1_BRK_TIM15_IRQHandler                         build/startup_stm32f334x8.o
TIM1_CC_IRQHandler                                build/startup_stm32f334x8.o
TIM1_TRG_COM_TIM17_IRQHandler                     build/startup_stm32f334x8.o
TIM1_UP_TIM16_IRQHandler                          build/startup_stm32f334x8.o
TIM2_IRQHandler                                   build/startup_stm32f334x8.o
TIM3_IRQHandler                                   build/DMA_Init.o
TIM6_DAC1_IRQHandler                              build/startup_stm32f334x8.o
TIM7_DAC2_IRQHandler                              build/startup_stm32f334x8.o
USART1_IRQHandler                                 build/startup_stm32f334x8.o
USART2_IRQHandler                                 build/startup_stm32f334x8.o
USART3_IRQHandler                                 build/startup_stm32f334x8.o
UsageFault_Handler                                build/startup_stm32f334x8.o
WWDG_IRQHandler                                   build/startup_stm32f334x8.o
_ITM_deregisterTMCloneTable                       z:/stm32/stlink_in_jlink/armembeddedgcc/bin/../lib/gcc/arm-none-eabi/8.2.1/thumb/v7e-m+fp/hard/crtbegin.o
_ITM_registerTMCloneTable                         z:/stm32/stlink_in_jlink/armembeddedgcc/bin/../lib/gcc/arm-none-eabi/8.2.1/thumb/v7e-m+fp/hard/crtbegin.o
__TMC_END__                                       z:/stm32/stlink_in_jlink/armembeddedgcc/bin/../lib/gcc/arm-none-eabi/8.2.1/thumb/v7e-m+fp/hard/crtend.o
                                                  z:/stm32/stlink_in_jlink/armembeddedgcc/bin/../lib/gcc/arm-none-eabi/8.2.1/thumb/v7e-m+fp/hard/crtbegin.o
__bss_end__                                       z:/stm32/stlink_in_jlink/armembeddedgcc/bin/../lib/gcc/arm-none-eabi/8.2.1/../../../../arm-none-eabi/lib/thumb/v7e-m+fp/hard/crt0.o
__bss_start__                                     z:/stm32/stlink_in_jlink/armembeddedgcc/bin/../lib/gcc/arm-none-eabi/8.2.1/../../../../arm-none-eabi/lib/thumb/v7e-m+fp/hard/crt0.o
__call_exitprocs                                  z:/stm32/stlink_in_jlink/armembeddedgcc/bin/../lib/gcc/arm-none-eabi/8.2.1/../../../../arm-none-eabi/lib/thumb/v7e-m+fp/hard\libc_nano.a(lib_a-exit.o)
__deregister_frame_info                           z:/stm32/stlink_in_jlink/armembeddedgcc/bin/../lib/gcc/arm-none-eabi/8.2.1/thumb/v7e-m+fp/hard/crtbegin.o
__dso_handle                                      z:/stm32/stlink_in_jlink/armembeddedgcc/bin/../lib/gcc/arm-none-eabi/8.2.1/thumb/v7e-m+fp/hard/crtbegin.o
__init_array_end                                  z:/stm32/stlink_in_jlink/armembeddedgcc/bin/../lib/gcc/arm-none-eabi/8.2.1/../../../../arm-none-eabi/lib/thumb/v7e-m+fp/hard\libc_nano.a(lib_a-init.o)
__init_array_start                                z:/stm32/stlink_in_jlink/armembeddedgcc/bin/../lib/gcc/arm-none-eabi/8.2.1/../../../../arm-none-eabi/lib/thumb/v7e-m+fp/hard\libc_nano.a(lib_a-init.o)
__libc_fini_array                                 z:/stm32/stlink_in_jlink/armembeddedgcc/bin/../lib/gcc/arm-none-eabi/8.2.1/../../../../arm-none-eabi/lib/thumb/v7e-m+fp/hard/crt0.o
__libc_init_array                                 z:/stm32/stlink_in_jlink/armembeddedgcc/bin/../lib/gcc/arm-none-eabi/8.2.1/../../../../arm-none-eabi/lib/thumb/v7e-m+fp/hard\libc_nano.a(lib_a-init.o)
                                                  build/startup_stm32f334x8.o
                                                  z:/stm32/stlink_in_jlink/armembeddedgcc/bin/../lib/gcc/arm-none-eabi/8.2.1/../../../../arm-none-eabi/lib/thumb/v7e-m+fp/hard/crt0.o
__preinit_array_end                               z:/stm32/stlink_in_jlink/armembeddedgcc/bin/../lib/gcc/arm-none-eabi/8.2.1/../../../../arm-none-eabi/lib/thumb/v7e-m+fp/hard\libc_nano.a(lib_a-init.o)
__preinit_array_start                             z:/stm32/stlink_in_jlink/armembeddedgcc/bin/../lib/gcc/arm-none-eabi/8.2.1/../../../../arm-none-eabi/lib/thumb/v7e-m+fp/hard\libc_nano.a(lib_a-init.o)
__register_frame_info                             z:/stm32/stlink_in_jlink/armembeddedgcc/bin/../lib/gcc/arm-none-eabi/8.2.1/thumb/v7e-m+fp/hard/crtbegin.o
__sf_fake_stderr                                  z:/stm32/stlink_in_jlink/armembeddedgcc/bin/../lib/gcc/arm-none-eabi/8.2.1/../../../../arm-none-eabi/lib/thumb/v7e-m+fp/hard\libc_nano.a(lib_a-impure.o)
__sf_fake_stdin                                   z:/stm32/stlink_in_jlink/armembeddedgcc/bin/../lib/gcc/arm-none-eabi/8.2.1/../../../../arm-none-eabi/lib/thumb/v7e-m+fp/hard\libc_nano.a(lib_a-impure.o)
__sf_fake_stdout                                  z:/stm32/stlink_in_jlink/armembeddedgcc/bin/../lib/gcc/arm-none-eabi/8.2.1/../../../../arm-none-eabi/lib/thumb/v7e-m+fp/hard\libc_nano.a(lib_a-impure.o)
__stack                                           z:/stm32/stlink_in_jlink/armembeddedgcc/bin/../lib/gcc/arm-none-eabi/8.2.1/../../../../arm-none-eabi/lib/thumb/v7e-m+fp/hard/crt0.o
_ebss                                             build/startup_stm32f334x8.o
_edata                                            build/startup_stm32f334x8.o
_estack                                           build/startup_stm32f334x8.o
_exit                                             z:/stm32/stlink_in_jlink/armembeddedgcc/bin/../lib/gcc/arm-none-eabi/8.2.1/../../../../arm-none-eabi/lib/thumb/v7e-m+fp/hard\libnosys.a(_exit.o)
                                                  z:/stm32/stlink_in_jlink/armembeddedgcc/bin/../lib/gcc/arm-none-eabi/8.2.1/../../../../arm-none-eabi/lib/thumb/v7e-m+fp/hard\libc_nano.a(lib_a-exit.o)
_fini                                             z:/stm32/stlink_in_jlink/armembeddedgcc/bin/../lib/gcc/arm-none-eabi/8.2.1/thumb/v7e-m+fp/hard/crti.o
_global_impure_ptr                                z:/stm32/stlink_in_jlink/armembeddedgcc/bin/../lib/gcc/arm-none-eabi/8.2.1/../../../../arm-none-eabi/lib/thumb/v7e-m+fp/hard\libc_nano.a(lib_a-impure.o)
                                                  z:/stm32/stlink_in_jlink/armembeddedgcc/bin/../lib/gcc/arm-none-eabi/8.2.1/../../../../arm-none-eabi/lib/thumb/v7e-m+fp/hard\libc_nano.a(lib_a-exit.o)
_impure_ptr                                       z:/stm32/stlink_in_jlink/armembeddedgcc/bin/../lib/gcc/arm-none-eabi/8.2.1/../../../../arm-none-eabi/lib/thumb/v7e-m+fp/hard\libc_nano.a(lib_a-impure.o)
_init                                             z:/stm32/stlink_in_jlink/armembeddedgcc/bin/../lib/gcc/arm-none-eabi/8.2.1/thumb/v7e-m+fp/hard/crti.o
                                                  z:/stm32/stlink_in_jlink/armembeddedgcc/bin/../lib/gcc/arm-none-eabi/8.2.1/../../../../arm-none-eabi/lib/thumb/v7e-m+fp/hard\libc_nano.a(lib_a-init.o)
_mainCRTStartup                                   z:/stm32/stlink_in_jlink/armembeddedgcc/bin/../lib/gcc/arm-none-eabi/8.2.1/../../../../arm-none-eabi/lib/thumb/v7e-m+fp/hard/crt0.o
_sbss                                             build/startup_stm32f334x8.o
_sdata                                            build/startup_stm32f334x8.o
_sidata                                           build/startup_stm32f334x8.o
_start                                            z:/stm32/stlink_in_jlink/armembeddedgcc/bin/../lib/gcc/arm-none-eabi/8.2.1/../../../../arm-none-eabi/lib/thumb/v7e-m+fp/hard/crt0.o
atexit                                            z:/stm32/stlink_in_jlink/armembeddedgcc/bin/../lib/gcc/arm-none-eabi/8.2.1/../../../../arm-none-eabi/lib/thumb/v7e-m+fp/hard/crt0.o
bus_retcode                                       build/Timer_Init.o
exit                                              z:/stm32/stlink_in_jlink/armembeddedgcc/bin/../lib/gcc/arm-none-eabi/8.2.1/../../../../arm-none-eabi/lib/thumb/v7e-m+fp/hard\libc_nano.a(lib_a-exit.o)
                                                  z:/stm32/stlink_in_jlink/armembeddedgcc/bin/../lib/gcc/arm-none-eabi/8.2.1/../../../../arm-none-eabi/lib/thumb/v7e-m+fp/hard/crt0.o
flag_stop                                         build/DMA_Init.o
g_pfnVectors                                      build/startup_stm32f334x8.o
hardware_init_hook                                z:/stm32/stlink_in_jlink/armembeddedgcc/bin/../lib/gcc/arm-none-eabi/8.2.1/../../../../arm-none-eabi/lib/thumb/v7e-m+fp/hard/crt0.o
main                                              build/main.o
                                                  build/startup_stm32f334x8.o
                                                  z:/stm32/stlink_in_jlink/armembeddedgcc/bin/../lib/gcc/arm-none-eabi/8.2.1/../../../../arm-none-eabi/lib/thumb/v7e-m+fp/hard/crt0.o
memset                                            z:/stm32/stlink_in_jlink/armembeddedgcc/bin/../lib/gcc/arm-none-eabi/8.2.1/../../../../arm-none-eabi/lib/thumb/v7e-m+fp/hard\libc_nano.a(lib_a-memset.o)
                                                  z:/stm32/stlink_in_jlink/armembeddedgcc/bin/../lib/gcc/arm-none-eabi/8.2.1/../../../../arm-none-eabi/lib/thumb/v7e-m+fp/hard/crt0.o
software_init_hook                                z:/stm32/stlink_in_jlink/armembeddedgcc/bin/../lib/gcc/arm-none-eabi/8.2.1/../../../../arm-none-eabi/lib/thumb/v7e-m+fp/hard/crt0.o
tdelay                                            build/DMA_Init.o
vClear_DMA                                        build/DMA_Init.o
vDMA1_Channel2_Mem_To_TIM3_Init                   build/DMA_Init.o
                                                  build/main.o
vGPIOA                                            build/GPIO_Init.o
                                                  build/main.o
vGPIOB                                            build/GPIO_Init.o
                                                  build/main.o
vGPIO_Init                                        build/GPIO_Init.o
                                                  build/main.o
vRCC_Init                                         build/RCC_Init.o
                                                  build/main.o
vTIM3_Init                                        build/Timer_Init.o
                                                  build/main.o
ws2812b_send                                      build/DMA_Init.o
